#-----------------------------------------------------------
# Webtalk v2018.3 (64-bit)
# SW Build 2405991 on Thu Dec  6 23:36:41 MST 2018
# IP Build 2404404 on Fri Dec  7 01:43:56 MST 2018
# Start of session at: Thu May 23 20:33:59 2019
# Process ID: 18668
# Current directory: /home/krenehan/Documents/vivado_projects/pdp_test_proj/pdp_test_proj.sim/sim_1/impl/func/xsim
# Command line: wbtcv -mode batch -source /home/krenehan/Documents/vivado_projects/pdp_test_proj/pdp_test_proj.sim/sim_1/impl/func/xsim/xsim.dir/decoder_fast_tb_func_impl/webtalk/xsim_webtalk.tcl -notrace
# Log file: /home/krenehan/Documents/vivado_projects/pdp_test_proj/pdp_test_proj.sim/sim_1/impl/func/xsim/webtalk.log
# Journal file: /home/krenehan/Documents/vivado_projects/pdp_test_proj/pdp_test_proj.sim/sim_1/impl/func/xsim/webtalk.jou
#-----------------------------------------------------------
source /home/krenehan/Documents/vivado_projects/pdp_test_proj/pdp_test_proj.sim/sim_1/impl/func/xsim/xsim.dir/decoder_fast_tb_func_impl/webtalk/xsim_webtalk.tcl -notrace
